
==================== user script start ====================
==================== main script start ====================
python3 train_rcmvsnet.py --gpu 0 1 2 3 4 5 6 7 --true_gpu "0,1,2,3,4,5,6,7" --batch_size 8
torch.distributed: socket accepted connection from 127.0.0.1:40998. (To turn off this message, please set BYTED_TORCH_C10D_LOG_LEVEL={WARNING, ERROR, CRITICAL})
torch.distributed: socket accepted connection from 127.0.0.1:41002. (To turn off this message, please set BYTED_TORCH_C10D_LOG_LEVEL={WARNING, ERROR, CRITICAL})
current time 20230324_001527
creating new summary file
argv: ['--gpu', '0', '1', '2', '3', '4', '5', '6', '7', '--true_gpu', '0,1,2,3,4,5,6,7', '--batch_size', '8']
################################  args  ################################
mode      	train                         	<class 'str'>
model     	mvsnet                        	<class 'str'>
device    	cuda                          	<class 'str'>
dataset   	dtu_train                     	<class 'str'>
trainpath 	/mnt/bn/yjb01/mvs/train/mvs_training/dtu/	<class 'str'>
testpath  	/mnt/bn/yjb01/mvs/train/mvs_training/dtu/	<class 'str'>
trainlist 	./lists/dtu/train.txt         	<class 'str'>
testlist  	./lists/dtu/test.txt          	<class 'str'>
epochs    	15                            	<class 'int'>
lr        	0.0001                        	<class 'float'>
lrepochs  	10,12,14:2                    	<class 'str'>
wd        	0.0                           	<class 'float'>
batch_size	8                             	<class 'int'>
numdepth  	192                           	<class 'int'>
interval_scale	1.06                          	<class 'float'>
num_view  	3                             	<class 'int'>
logdir    	/mnt/bn/yjb01/mymvs-nompi     	<class 'str'>
resume    	False                         	<class 'bool'>
summary_freq	10                            	<class 'int'>
save_freq 	1                             	<class 'int'>
eval_freq 	1                             	<class 'int'>
random_seed	1                             	<class 'int'>
share_cr  	False                         	<class 'bool'>
ndepths   	48,32,8                       	<class 'str'>
depth_inter_r	4,2,1                         	<class 'str'>
dlossw    	0.5,1.0,2.0                   	<class 'str'>
cr_base_chs	8,8,8                         	<class 'str'>
grad_method	detach                        	<class 'str'>
w_aug     	0.01                          	<class 'float'>
true_gpu  	0,1,2,3,4,5,6,7               	<class 'str'>
gpu       	[0, 1, 2, 3, 4, 5, 6, 7]      	<class 'list'>
master_port	11026                         	<class 'str'>
imgScale_train	1.0                           	<class 'float'>
imgScale_test	1.0                           	<class 'float'>
img_downscale	1.0                           	<class 'float'>
pad       	0                             	<class 'int'>
use_color_volume	False                         	<class 'bool'>
multires  	10                            	<class 'int'>
i_embed   	0                             	<class 'int'>
pts_dim   	3                             	<class 'int'>
dir_dim   	3                             	<class 'int'>
netdepth  	6                             	<class 'int'>
netwidth  	128                           	<class 'int'>
net_type  	v0                            	<class 'str'>
netchunk  	1024                          	<class 'int'>
ckpt      	None                          	<class 'NoneType'>
N_samples 	128                           	<class 'int'>
N_importance	0                             	<class 'int'>
use_disp  	False                         	<class 'bool'>
perturb   	1.0                           	<class 'float'>
use_viewdirs	False                         	<class 'bool'>
white_bkgd	False                         	<class 'bool'>
raw_noise_std	0.0                           	<class 'float'>
S_fine    	False                         	<class 'bool'>
H_tgt     	512                           	<class 'int'>
W_tgt     	640                           	<class 'int'>
pos_encoding_multires	10                            	<class 'int'>
world_size	1                             	<class 'int'>
########################################################################
**********netphs:[48, 32, 8], depth_intervals_ratio:[4.0, 2.0, 1.0],  grad:detach, chs:[8, 8, 8]************
*************feature extraction arch mode:fpn****************
CascadeMVSNet(
  (feature): FeatureNet(
    (conv0): Sequential(
      (0): Conv2d(
        (conv): Conv2d(3, 8, kernel_size=(3, 3), stride=(1, 1), padding=(1, 1), bias=False)
        (bn): SyncBatchNorm(8, eps=1e-05, momentum=0.1, affine=True, track_running_stats=True)
      )
      (1): Conv2d(
        (conv): Conv2d(8, 8, kernel_size=(3, 3), stride=(1, 1), padding=(1, 1), bias=False)
        (bn): SyncBatchNorm(8, eps=1e-05, momentum=0.1, affine=True, track_running_stats=True)
      )
    )
    (conv1): Sequential(
      (0): Conv2d(
        (conv): Conv2d(8, 16, kernel_size=(5, 5), stride=(2, 2), padding=(2, 2), bias=False)
        (bn): SyncBatchNorm(16, eps=1e-05, momentum=0.1, affine=True, track_running_stats=True)
      )
      (1): Conv2d(
        (conv): Conv2d(16, 16, kernel_size=(3, 3), stride=(1, 1), padding=(1, 1), bias=False)
        (bn): SyncBatchNorm(16, eps=1e-05, momentum=0.1, affine=True, track_running_stats=True)
      )
      (2): Conv2d(
        (conv): Conv2d(16, 16, kernel_size=(3, 3), stride=(1, 1), padding=(1, 1), bias=False)
        (bn): SyncBatchNorm(16, eps=1e-05, momentum=0.1, affine=True, track_running_stats=True)
      )
    )
    (conv2): Sequential(
      (0): Conv2d(
        (conv): Conv2d(16, 32, kernel_size=(5, 5), stride=(2, 2), padding=(2, 2), bias=False)
        (bn): SyncBatchNorm(32, eps=1e-05, momentum=0.1, affine=True, track_running_stats=True)
      )
      (1): Conv2d(
        (conv): Conv2d(32, 32, kernel_size=(3, 3), stride=(1, 1), padding=(1, 1), bias=False)
        (bn): SyncBatchNorm(32, eps=1e-05, momentum=0.1, affine=True, track_running_stats=True)
      )
      (2): Conv2d(
        (conv): Conv2d(32, 32, kernel_size=(3, 3), stride=(1, 1), padding=(1, 1), bias=False)
        (bn): SyncBatchNorm(32, eps=1e-05, momentum=0.1, affine=True, track_running_stats=True)
      )
    )
    (out1): Conv2d(32, 32, kernel_size=(1, 1), stride=(1, 1), bias=False)
    (inner1): Conv2d(16, 32, kernel_size=(1, 1), stride=(1, 1))
    (inner2): Conv2d(8, 32, kernel_size=(1, 1), stride=(1, 1))
    (out2): Conv2d(32, 16, kernel_size=(3, 3), stride=(1, 1), padding=(1, 1), bias=False)
    (out3): Conv2d(32, 8, kernel_size=(3, 3), stride=(1, 1), padding=(1, 1), bias=False)
  )
  (cost_regularization): ModuleList(
    (0): CostRegNet(
      (conv0): Conv3d(
        (conv): Conv3d(32, 8, kernel_size=(3, 3, 3), stride=(1, 1, 1), padding=(1, 1, 1), bias=False)
        (bn): SyncBatchNorm(8, eps=1e-05, momentum=0.1, affine=True, track_running_stats=True)
      )
      (conv1): Conv3d(
        (conv): Conv3d(8, 16, kernel_size=(3, 3, 3), stride=(2, 2, 2), padding=(1, 1, 1), bias=False)
        (bn): SyncBatchNorm(16, eps=1e-05, momentum=0.1, affine=True, track_running_stats=True)
      )
      (conv2): Conv3d(
        (conv): Conv3d(16, 16, kernel_size=(3, 3, 3), stride=(1, 1, 1), padding=(1, 1, 1), bias=False)
        (bn): SyncBatchNorm(16, eps=1e-05, momentum=0.1, affine=True, track_running_stats=True)
      )
      (conv3): Conv3d(
        (conv): Conv3d(16, 32, kernel_size=(3, 3, 3), stride=(2, 2, 2), padding=(1, 1, 1), bias=False)
        (bn): SyncBatchNorm(32, eps=1e-05, momentum=0.1, affine=True, track_running_stats=True)
      )
      (conv4): Conv3d(
        (conv): Conv3d(32, 32, kernel_size=(3, 3, 3), stride=(1, 1, 1), padding=(1, 1, 1), bias=False)
        (bn): SyncBatchNorm(32, eps=1e-05, momentum=0.1, affine=True, track_running_stats=True)
      )
      (conv5): Conv3d(
        (conv): Conv3d(32, 64, kernel_size=(3, 3, 3), stride=(2, 2, 2), padding=(1, 1, 1), bias=False)
        (bn): SyncBatchNorm(64, eps=1e-05, momentum=0.1, affine=True, track_running_stats=True)
      )
      (conv6): Conv3d(
        (conv): Conv3d(64, 64, kernel_size=(3, 3, 3), stride=(1, 1, 1), padding=(1, 1, 1), bias=False)
        (bn): SyncBatchNorm(64, eps=1e-05, momentum=0.1, affine=True, track_running_stats=True)
      )
      (conv7): Deconv3d(
        (conv): ConvTranspose3d(64, 32, kernel_size=(3, 3, 3), stride=(2, 2, 2), padding=(1, 1, 1), output_padding=(1, 1, 1), bias=False)
        (bn): SyncBatchNorm(32, eps=1e-05, momentum=0.1, affine=True, track_running_stats=True)
      )
      (conv9): Deconv3d(
        (conv): ConvTranspose3d(32, 16, kernel_size=(3, 3, 3), stride=(2, 2, 2), padding=(1, 1, 1), output_padding=(1, 1, 1), bias=False)
        (bn): SyncBatchNorm(16, eps=1e-05, momentum=0.1, affine=True, track_running_stats=True)
      )
      (conv11): Deconv3d(
        (conv): ConvTranspose3d(16, 8, kernel_size=(3, 3, 3), stride=(2, 2, 2), padding=(1, 1, 1), output_padding=(1, 1, 1), bias=False)
        (bn): SyncBatchNorm(8, eps=1e-05, momentum=0.1, affine=True, track_running_stats=True)
      )
      (prob): Conv3d(8, 1, kernel_size=(3, 3, 3), stride=(1, 1, 1), padding=(1, 1, 1), bias=False)
    )
    (1): CostRegNet(
      (conv0): Conv3d(
        (conv): Conv3d(16, 8, kernel_size=(3, 3, 3), stride=(1, 1, 1), padding=(1, 1, 1), bias=False)
        (bn): SyncBatchNorm(8, eps=1e-05, momentum=0.1, affine=True, track_running_stats=True)
      )
      (conv1): Conv3d(
        (conv): Conv3d(8, 16, kernel_size=(3, 3, 3), stride=(2, 2, 2), padding=(1, 1, 1), bias=False)
        (bn): SyncBatchNorm(16, eps=1e-05, momentum=0.1, affine=True, track_running_stats=True)
      )
      (conv2): Conv3d(
        (conv): Conv3d(16, 16, kernel_size=(3, 3, 3), stride=(1, 1, 1), padding=(1, 1, 1), bias=False)
        (bn): SyncBatchNorm(16, eps=1e-05, momentum=0.1, affine=True, track_running_stats=True)
      )
      (conv3): Conv3d(
        (conv): Conv3d(16, 32, kernel_size=(3, 3, 3), stride=(2, 2, 2), padding=(1, 1, 1), bias=False)
        (bn): SyncBatchNorm(32, eps=1e-05, momentum=0.1, affine=True, track_running_stats=True)
      )
      (conv4): Conv3d(
        (conv): Conv3d(32, 32, kernel_size=(3, 3, 3), stride=(1, 1, 1), padding=(1, 1, 1), bias=False)
        (bn): SyncBatchNorm(32, eps=1e-05, momentum=0.1, affine=True, track_running_stats=True)
      )
      (conv5): Conv3d(
        (conv): Conv3d(32, 64, kernel_size=(3, 3, 3), stride=(2, 2, 2), padding=(1, 1, 1), bias=False)
        (bn): SyncBatchNorm(64, eps=1e-05, momentum=0.1, affine=True, track_running_stats=True)
      )
      (conv6): Conv3d(
        (conv): Conv3d(64, 64, kernel_size=(3, 3, 3), stride=(1, 1, 1), padding=(1, 1, 1), bias=False)
        (bn): SyncBatchNorm(64, eps=1e-05, momentum=0.1, affine=True, track_running_stats=True)
      )
      (conv7): Deconv3d(
        (conv): ConvTranspose3d(64, 32, kernel_size=(3, 3, 3), stride=(2, 2, 2), padding=(1, 1, 1), output_padding=(1, 1, 1), bias=False)
        (bn): SyncBatchNorm(32, eps=1e-05, momentum=0.1, affine=True, track_running_stats=True)
      )
      (conv9): Deconv3d(
        (conv): ConvTranspose3d(32, 16, kernel_size=(3, 3, 3), stride=(2, 2, 2), padding=(1, 1, 1), output_padding=(1, 1, 1), bias=False)
        (bn): SyncBatchNorm(16, eps=1e-05, momentum=0.1, affine=True, track_running_stats=True)
      )
      (conv11): Deconv3d(
        (conv): ConvTranspose3d(16, 8, kernel_size=(3, 3, 3), stride=(2, 2, 2), padding=(1, 1, 1), output_padding=(1, 1, 1), bias=False)
        (bn): SyncBatchNorm(8, eps=1e-05, momentum=0.1, affine=True, track_running_stats=True)
      )
      (prob): Conv3d(8, 1, kernel_size=(3, 3, 3), stride=(1, 1, 1), padding=(1, 1, 1), bias=False)
    )
    (2): CostRegNet(
      (conv0): Conv3d(
        (conv): Conv3d(8, 8, kernel_size=(3, 3, 3), stride=(1, 1, 1), padding=(1, 1, 1), bias=False)
        (bn): SyncBatchNorm(8, eps=1e-05, momentum=0.1, affine=True, track_running_stats=True)
      )
      (conv1): Conv3d(
        (conv): Conv3d(8, 16, kernel_size=(3, 3, 3), stride=(2, 2, 2), padding=(1, 1, 1), bias=False)
        (bn): SyncBatchNorm(16, eps=1e-05, momentum=0.1, affine=True, track_running_stats=True)
      )
      (conv2): Conv3d(
        (conv): Conv3d(16, 16, kernel_size=(3, 3, 3), stride=(1, 1, 1), padding=(1, 1, 1), bias=False)
        (bn): SyncBatchNorm(16, eps=1e-05, momentum=0.1, affine=True, track_running_stats=True)
      )
      (conv3): Conv3d(
        (conv): Conv3d(16, 32, kernel_size=(3, 3, 3), stride=(2, 2, 2), padding=(1, 1, 1), bias=False)
        (bn): SyncBatchNorm(32, eps=1e-05, momentum=0.1, affine=True, track_running_stats=True)
      )
      (conv4): Conv3d(
        (conv): Conv3d(32, 32, kernel_size=(3, 3, 3), stride=(1, 1, 1), padding=(1, 1, 1), bias=False)
        (bn): SyncBatchNorm(32, eps=1e-05, momentum=0.1, affine=True, track_running_stats=True)
      )
      (conv5): Conv3d(
        (conv): Conv3d(32, 64, kernel_size=(3, 3, 3), stride=(2, 2, 2), padding=(1, 1, 1), bias=False)
        (bn): SyncBatchNorm(64, eps=1e-05, momentum=0.1, affine=True, track_running_stats=True)
      )
      (conv6): Conv3d(
        (conv): Conv3d(64, 64, kernel_size=(3, 3, 3), stride=(1, 1, 1), padding=(1, 1, 1), bias=False)
        (bn): SyncBatchNorm(64, eps=1e-05, momentum=0.1, affine=True, track_running_stats=True)
      )
      (conv7): Deconv3d(
        (conv): ConvTranspose3d(64, 32, kernel_size=(3, 3, 3), stride=(2, 2, 2), padding=(1, 1, 1), output_padding=(1, 1, 1), bias=False)
        (bn): SyncBatchNorm(32, eps=1e-05, momentum=0.1, affine=True, track_running_stats=True)
      )
      (conv9): Deconv3d(
        (conv): ConvTranspose3d(32, 16, kernel_size=(3, 3, 3), stride=(2, 2, 2), padding=(1, 1, 1), output_padding=(1, 1, 1), bias=False)
        (bn): SyncBatchNorm(16, eps=1e-05, momentum=0.1, affine=True, track_running_stats=True)
      )
      (conv11): Deconv3d(
        (conv): ConvTranspose3d(16, 8, kernel_size=(3, 3, 3), stride=(2, 2, 2), padding=(1, 1, 1), output_padding=(1, 1, 1), bias=False)
        (bn): SyncBatchNorm(8, eps=1e-05, momentum=0.1, affine=True, track_running_stats=True)
      )
      (prob): Conv3d(8, 1, kernel_size=(3, 3, 3), stride=(1, 1, 1), padding=(1, 1, 1), bias=False)
    )
  )
  (DepthNet): DepthNet()
)
start at epoch 0
Number of model parameters: 934304
Let's use 8 GPUs!
mvsdataset kwargs {}
dataset train metas: 27097
mvsdataset kwargs {}
dataset test metas: 7546
Epoch 0:
n136-023-012:2693:3147 [0] NCCL INFO cudaDriverVersion 11040
n136-023-012:2693:3147 [0] NCCL INFO Bootstrap : Using eth0:10.136.23.12<0>
n136-023-012:2693:3147 [0] NCCL INFO NET/Plugin : No plugin found (libnccl-net.so), using internal implementation
NCCL version 2.16.2+cuda11.3
n136-023-012:2693:3156 [0] NCCL INFO NCCL_IB_DISABLE set by environment to 0.
n136-023-012:2693:3156 [0] NCCL INFO NET/IB : Using [0]mlx5_2:1/RoCE ; OOB eth0:10.136.23.12<0>
n136-023-012:2693:3156 [0] NCCL INFO Using network IB
n136-023-012:2693:3157 [1] NCCL INFO Using network IB
n136-023-012:2693:3159 [3] NCCL INFO Using network IB
n136-023-012:2693:3160 [4] NCCL INFO Using network IB
n136-023-012:2693:3161 [5] NCCL INFO Using network IB
n136-023-012:2693:3163 [7] NCCL INFO Using network IB
n136-023-012:2693:3162 [6] NCCL INFO Using network IB
n136-023-012:2693:3158 [2] NCCL INFO Using network IB
n136-023-012:2693:3161 [5] NCCL INFO Setting affinity for GPU 5 to ffffff00,0000ffff,ff000000
n136-023-012:2693:3163 [7] NCCL INFO Setting affinity for GPU 7 to ffffff00,0000ffff,ff000000
n136-023-012:2693:3162 [6] NCCL INFO Setting affinity for GPU 6 to ffffff00,0000ffff,ff000000
n136-023-012:2693:3159 [3] NCCL INFO Setting affinity for GPU 3 to ff,ffff0000,00ffffff
n136-023-012:2693:3157 [1] NCCL INFO Setting affinity for GPU 1 to ff,ffff0000,00ffffff
n136-023-012:2693:3156 [0] NCCL INFO Setting affinity for GPU 0 to ff,ffff0000,00ffffff
n136-023-012:2693:3160 [4] NCCL INFO Setting affinity for GPU 4 to ffffff00,0000ffff,ff000000
n136-023-012:2693:3158 [2] NCCL INFO Setting affinity for GPU 2 to ff,ffff0000,00ffffff
n136-023-012:2693:3158 [2] NCCL INFO Trees [0] 3/-1/-1->2->1 [1] -1/-1/-1->2->5 [2] 5/-1/-1->2->0 [3] 5/-1/-1->2->0 [4] 1/-1/-1->2->3 [5] -1/-1/-1->2->5 [6] 3/-1/-1->2->1 [7] -1/-1/-1->2->5 [8] 5/-1/-1->2->0 [9] 5/-1/-1->2->0 [10] 1/-1/-1->2->3 [11] -1/-1/-1->2->5
n136-023-012:2693:3158 [2] NCCL INFO P2P Chunksize set to 524288
n136-023-012:2693:3159 [3] NCCL INFO Trees [0] 4/-1/-1->3->2 [1] 4/-1/-1->3->1 [2] 1/-1/-1->3->4 [3] 1/-1/-1->3->4 [4] 2/-1/-1->3->0 [5] 0/-1/-1->3->1 [6] 4/-1/-1->3->2 [7] 4/-1/-1->3->1 [8] 1/-1/-1->3->4 [9] 1/-1/-1->3->4 [10] 2/-1/-1->3->0 [11] 0/-1/-1->3->1
n136-023-012:2693:3159 [3] NCCL INFO P2P Chunksize set to 524288
n136-023-012:2693:3161 [5] NCCL INFO Trees [0] 6/-1/-1->5->4 [1] 2/-1/-1->5->7 [2] 7/-1/-1->5->2 [3] 7/-1/-1->5->2 [4] 4/-1/-1->5->6 [5] 2/-1/-1->5->7 [6] 6/-1/-1->5->4 [7] 2/-1/-1->5->7 [8] 7/-1/-1->5->2 [9] 7/-1/-1->5->2 [10] 4/-1/-1->5->6 [11] 2/-1/-1->5->7
n136-023-012:2693:3160 [4] NCCL INFO Trees [0] 5/-1/-1->4->3 [1] 6/-1/-1->4->3 [2] 3/-1/-1->4->6 [3] 3/-1/-1->4->6 [4] 7/-1/-1->4->5 [5] 6/-1/-1->4->-1 [6] 5/-1/-1->4->3 [7] 6/-1/-1->4->3 [8] 3/-1/-1->4->6 [9] 3/-1/-1->4->6 [10] 7/-1/-1->4->5 [11] 6/-1/-1->4->-1
n136-023-012:2693:3161 [5] NCCL INFO P2P Chunksize set to 524288
n136-023-012:2693:3156 [0] NCCL INFO Channel 00/12 :    0   1   2   3   4   5   6   7
n136-023-012:2693:3162 [6] NCCL INFO Trees [0] 7/-1/-1->6->5 [1] 7/-1/-1->6->4 [2] 4/-1/-1->6->7 [3] 4/-1/-1->6->7 [4] 5/-1/-1->6->1 [5] 1/-1/-1->6->4 [6] 7/-1/-1->6->5 [7] 7/-1/-1->6->4 [8] 4/-1/-1->6->7 [9] 4/-1/-1->6->7 [10] 5/-1/-1->6->1 [11] 1/-1/-1->6->4
n136-023-012:2693:3160 [4] NCCL INFO P2P Chunksize set to 524288
n136-023-012:2693:3156 [0] NCCL INFO Channel 01/12 :    0   1   3   4   6   7   5   2
n136-023-012:2693:3162 [6] NCCL INFO P2P Chunksize set to 524288
n136-023-012:2693:3156 [0] NCCL INFO Channel 02/12 :    0   2   5   7   6   4   3   1
n136-023-012:2693:3156 [0] NCCL INFO Channel 03/12 :    0   2   5   7   4   6   1   3
n136-023-012:2693:3163 [7] NCCL INFO Trees [0] -1/-1/-1->7->6 [1] 5/-1/-1->7->6 [2] 6/-1/-1->7->5 [3] 6/-1/-1->7->5 [4] -1/-1/-1->7->4 [5] 5/-1/-1->7->0 [6] -1/-1/-1->7->6 [7] 5/-1/-1->7->6 [8] 6/-1/-1->7->5 [9] 6/-1/-1->7->5 [10] -1/-1/-1->7->4 [11] 5/-1/-1->7->0
n136-023-012:2693:3156 [0] NCCL INFO Channel 04/12 :    0   3   1   6   4   7   5   2
n136-023-012:2693:3163 [7] NCCL INFO P2P Chunksize set to 524288
n136-023-012:2693:3156 [0] NCCL INFO Channel 05/12 :    0   7   6   5   4   3   2   1
n136-023-012:2693:3156 [0] NCCL INFO Channel 06/12 :    0   1   2   3   4   5   6   7
n136-023-012:2693:3156 [0] NCCL INFO Channel 07/12 :    0   1   3   4   6   7   5   2
n136-023-012:2693:3156 [0] NCCL INFO Channel 08/12 :    0   2   5   7   6   4   3   1
n136-023-012:2693:3157 [1] NCCL INFO Trees [0] 2/-1/-1->1->0 [1] 3/-1/-1->1->0 [2] -1/-1/-1->1->3 [3] -1/-1/-1->1->3 [4] 6/-1/-1->1->2 [5] 3/-1/-1->1->6 [6] 2/-1/-1->1->0 [7] 3/-1/-1->1->0 [8] -1/-1/-1->1->3 [9] -1/-1/-1->1->3 [10] 6/-1/-1->1->2 [11] 3/-1/-1->1->6
n136-023-012:2693:3156 [0] NCCL INFO Channel 09/12 :    0   2   5   7   4   6   1   3
n136-023-012:2693:3157 [1] NCCL INFO P2P Chunksize set to 524288
n136-023-012:2693:3156 [0] NCCL INFO Channel 10/12 :    0   3   1   6   4   7   5   2
n136-023-012:2693:3156 [0] NCCL INFO Channel 11/12 :    0   7   6   5   4   3   2   1
n136-023-012:2693:3156 [0] NCCL INFO Trees [0] 1/-1/-1->0->-1 [1] 1/-1/-1->0->-1 [2] 2/-1/-1->0->-1 [3] 2/-1/-1->0->-1 [4] 3/-1/-1->0->-1 [5] 7/-1/-1->0->3 [6] 1/-1/-1->0->-1 [7] 1/-1/-1->0->-1 [8] 2/-1/-1->0->-1 [9] 2/-1/-1->0->-1 [10] 3/-1/-1->0->-1 [11] 7/-1/-1->0->3
n136-023-012:2693:3156 [0] NCCL INFO P2P Chunksize set to 524288
n136-023-012:2693:3161 [5] NCCL INFO Channel 00/0 : 5[b2000] -> 6[da000] via P2P/direct pointer
n136-023-012:2693:3163 [7] NCCL INFO Channel 00/0 : 7[dc000] -> 0[1b000] via P2P/direct pointer
n136-023-012:2693:3161 [5] NCCL INFO Channel 06/0 : 5[b2000] -> 6[da000] via P2P/direct pointer
n136-023-012:2693:3163 [7] NCCL INFO Channel 06/0 : 7[dc000] -> 0[1b000] via P2P/direct pointer
n136-023-012:2693:3162 [6] NCCL INFO Channel 00/0 : 6[da000] -> 7[dc000] via P2P/direct pointer
n136-023-012:2693:3158 [2] NCCL INFO Channel 00/0 : 2[60000] -> 3[62000] via P2P/direct pointer
n136-023-012:2693:3160 [4] NCCL INFO Channel 00/0 : 4[b1000] -> 5[b2000] via P2P/direct pointer
n136-023-012:2693:3162 [6] NCCL INFO Channel 01/0 : 6[da000] -> 7[dc000] via P2P/direct pointer
n136-023-012:2693:3158 [2] NCCL INFO Channel 06/0 : 2[60000] -> 3[62000] via P2P/direct pointer
n136-023-012:2693:3160 [4] NCCL INFO Channel 06/0 : 4[b1000] -> 5[b2000] via P2P/direct pointer
n136-023-012:2693:3159 [3] NCCL INFO Channel 00/0 : 3[62000] -> 4[b1000] via P2P/direct pointer
n136-023-012:2693:3162 [6] NCCL INFO Channel 06/0 : 6[da000] -> 7[dc000] via P2P/direct pointer
n136-023-012:2693:3159 [3] NCCL INFO Channel 01/0 : 3[62000] -> 4[b1000] via P2P/direct pointer
n136-023-012:2693:3162 [6] NCCL INFO Channel 07/0 : 6[da000] -> 7[dc000] via P2P/direct pointer
n136-023-012:2693:3159 [3] NCCL INFO Channel 06/0 : 3[62000] -> 4[b1000] via P2P/direct pointer
n136-023-012:2693:3157 [1] NCCL INFO Channel 00/0 : 1[1c000] -> 2[60000] via P2P/direct pointer
n136-023-012:2693:3159 [3] NCCL INFO Channel 07/0 : 3[62000] -> 4[b1000] via P2P/direct pointer
n136-023-012:2693:3157 [1] NCCL INFO Channel 06/0 : 1[1c000] -> 2[60000] via P2P/direct pointer
n136-023-012:2693:3156 [0] NCCL INFO Channel 00/0 : 0[1b000] -> 1[1c000] via P2P/direct pointer
n136-023-012:2693:3161 [5] NCCL INFO Channel 02/0 : 5[b2000] -> 7[dc000] via P2P/direct pointer
n136-023-012:2693:3156 [0] NCCL INFO Channel 01/0 : 0[1b000] -> 1[1c000] via P2P/direct pointer
n136-023-012:2693:3161 [5] NCCL INFO Channel 03/0 : 5[b2000] -> 7[dc000] via P2P/direct pointer
n136-023-012:2693:3156 [0] NCCL INFO Channel 06/0 : 0[1b000] -> 1[1c000] via P2P/direct pointer
n136-023-012:2693:3161 [5] NCCL INFO Channel 08/0 : 5[b2000] -> 7[dc000] via P2P/direct pointer
n136-023-012:2693:3156 [0] NCCL INFO Channel 07/0 : 0[1b000] -> 1[1c000] via P2P/direct pointer
n136-023-012:2693:3161 [5] NCCL INFO Channel 09/0 : 5[b2000] -> 7[dc000] via P2P/direct pointer
n136-023-012:2693:3160 [4] NCCL INFO Channel 01/0 : 4[b1000] -> 6[da000] via P2P/direct pointer
n136-023-012:2693:3160 [4] NCCL INFO Channel 03/0 : 4[b1000] -> 6[da000] via P2P/direct pointer
n136-023-012:2693:3156 [0] NCCL INFO Channel 02/0 : 0[1b000] -> 2[60000] via P2P/direct pointer
n136-023-012:2693:3160 [4] NCCL INFO Channel 07/0 : 4[b1000] -> 6[da000] via P2P/direct pointer
n136-023-012:2693:3156 [0] NCCL INFO Channel 03/0 : 0[1b000] -> 2[60000] via P2P/direct pointer
n136-023-012:2693:3157 [1] NCCL INFO Channel 01/0 : 1[1c000] -> 3[62000] via P2P/direct pointer
n136-023-012:2693:3160 [4] NCCL INFO Channel 09/0 : 4[b1000] -> 6[da000] via P2P/direct pointer
n136-023-012:2693:3156 [0] NCCL INFO Channel 08/0 : 0[1b000] -> 2[60000] via P2P/direct pointer
n136-023-012:2693:3157 [1] NCCL INFO Channel 03/0 : 1[1c000] -> 3[62000] via P2P/direct pointer
n136-023-012:2693:3156 [0] NCCL INFO Channel 09/0 : 0[1b000] -> 2[60000] via P2P/direct pointer
n136-023-012:2693:3157 [1] NCCL INFO Channel 07/0 : 1[1c000] -> 3[62000] via P2P/direct pointer
n136-023-012:2693:3157 [1] NCCL INFO Channel 09/0 : 1[1c000] -> 3[62000] via P2P/direct pointer
n136-023-012:2693:3160 [4] NCCL INFO Channel 04/0 : 4[b1000] -> 7[dc000] via P2P/direct pointer
n136-023-012:2693:3162 [6] NCCL INFO Channel 03/0 : 6[da000] -> 1[1c000] via P2P/direct pointer
n136-023-012:2693:3156 [0] NCCL INFO Channel 04/0 : 0[1b000] -> 3[62000] via P2P/direct pointer
n136-023-012:2693:3158 [2] NCCL INFO Channel 02/0 : 2[60000] -> 5[b2000] via P2P/direct pointer
n136-023-012:2693:3158 [2] NCCL INFO Channel 03/0 : 2[60000] -> 5[b2000] via P2P/direct pointer
n136-023-012:2693:3160 [4] NCCL INFO Channel 10/0 : 4[b1000] -> 7[dc000] via P2P/direct pointer
n136-023-012:2693:3156 [0] NCCL INFO Channel 10/0 : 0[1b000] -> 3[62000] via P2P/direct pointer
n136-023-012:2693:3162 [6] NCCL INFO Channel 09/0 : 6[da000] -> 1[1c000] via P2P/direct pointer
n136-023-012:2693:3158 [2] NCCL INFO Channel 08/0 : 2[60000] -> 5[b2000] via P2P/direct pointer
n136-023-012:2693:3158 [2] NCCL INFO Channel 09/0 : 2[60000] -> 5[b2000] via P2P/direct pointer
n136-023-012:2693:3157 [1] NCCL INFO Channel 04/0 : 1[1c000] -> 6[da000] via P2P/direct pointer
n136-023-012:2693:3157 [1] NCCL INFO Channel 10/0 : 1[1c000] -> 6[da000] via P2P/direct pointer
n136-023-012:2693:3159 [3] NCCL INFO Channel 03/0 : 3[62000] -> 0[1b000] via P2P/direct pointer
n136-023-012:2693:3163 [7] NCCL INFO Channel 03/0 : 7[dc000] -> 4[b1000] via P2P/direct pointer
n136-023-012:2693:3159 [3] NCCL INFO Channel 09/0 : 3[62000] -> 0[1b000] via P2P/direct pointer
n136-023-012:2693:3163 [7] NCCL INFO Channel 09/0 : 7[dc000] -> 4[b1000] via P2P/direct pointer
n136-023-012:2693:3162 [6] NCCL INFO Channel 02/0 : 6[da000] -> 4[b1000] via P2P/direct pointer
n136-023-012:2693:3159 [3] NCCL INFO Channel 02/0 : 3[62000] -> 1[1c000] via P2P/direct pointer
n136-023-012:2693:3161 [5] NCCL INFO Channel 01/0 : 5[b2000] -> 2[60000] via P2P/direct pointer
n136-023-012:2693:3162 [6] NCCL INFO Channel 04/0 : 6[da000] -> 4[b1000] via P2P/direct pointer
n136-023-012:2693:3163 [7] NCCL INFO Channel 01/0 : 7[dc000] -> 5[b2000] via P2P/direct pointer
n136-023-012:2693:3159 [3] NCCL INFO Channel 04/0 : 3[62000] -> 1[1c000] via P2P/direct pointer
n136-023-012:2693:3161 [5] NCCL INFO Channel 04/0 : 5[b2000] -> 2[60000] via P2P/direct pointer
n136-023-012:2693:3162 [6] NCCL INFO Channel 08/0 : 6[da000] -> 4[b1000] via P2P/direct pointer
n136-023-012:2693:3159 [3] NCCL INFO Channel 08/0 : 3[62000] -> 1[1c000] via P2P/direct pointer
n136-023-012:2693:3163 [7] NCCL INFO Channel 04/0 : 7[dc000] -> 5[b2000] via P2P/direct pointer
n136-023-012:2693:3161 [5] NCCL INFO Channel 07/0 : 5[b2000] -> 2[60000] via P2P/direct pointer
n136-023-012:2693:3162 [6] NCCL INFO Channel 10/0 : 6[da000] -> 4[b1000] via P2P/direct pointer
n136-023-012:2693:3159 [3] NCCL INFO Channel 10/0 : 3[62000] -> 1[1c000] via P2P/direct pointer
n136-023-012:2693:3163 [7] NCCL INFO Channel 07/0 : 7[dc000] -> 5[b2000] via P2P/direct pointer
n136-023-012:2693:3161 [5] NCCL INFO Channel 10/0 : 5[b2000] -> 2[60000] via P2P/direct pointer
n136-023-012:2693:3163 [7] NCCL INFO Channel 10/0 : 7[dc000] -> 5[b2000] via P2P/direct pointer
n136-023-012:2693:3158 [2] NCCL INFO Channel 01/0 : 2[60000] -> 0[1b000] via P2P/direct pointer
n136-023-012:2693:3158 [2] NCCL INFO Channel 04/0 : 2[60000] -> 0[1b000] via P2P/direct pointer
n136-023-012:2693:3157 [1] NCCL INFO Channel 02/0 : 1[1c000] -> 0[1b000] via P2P/direct pointer
n136-023-012:2693:3158 [2] NCCL INFO Channel 07/0 : 2[60000] -> 0[1b000] via P2P/direct pointer
n136-023-012:2693:3157 [1] NCCL INFO Channel 05/0 : 1[1c000] -> 0[1b000] via P2P/direct pointer
n136-023-012:2693:3160 [4] NCCL INFO Channel 02/0 : 4[b1000] -> 3[62000] via P2P/direct pointer
n136-023-012:2693:3158 [2] NCCL INFO Channel 10/0 : 2[60000] -> 0[1b000] via P2P/direct pointer
n136-023-012:2693:3157 [1] NCCL INFO Channel 08/0 : 1[1c000] -> 0[1b000] via P2P/direct pointer
n136-023-012:2693:3159 [3] NCCL INFO Channel 05/0 : 3[62000] -> 2[60000] via P2P/direct pointer
n136-023-012:2693:3160 [4] NCCL INFO Channel 05/0 : 4[b1000] -> 3[62000] via P2P/direct pointer
n136-023-012:2693:3162 [6] NCCL INFO Channel 05/0 : 6[da000] -> 5[b2000] via P2P/direct pointer
n136-023-012:2693:3157 [1] NCCL INFO Channel 11/0 : 1[1c000] -> 0[1b000] via P2P/direct pointer
n136-023-012:2693:3159 [3] NCCL INFO Channel 11/0 : 3[62000] -> 2[60000] via P2P/direct pointer
n136-023-012:2693:3160 [4] NCCL INFO Channel 08/0 : 4[b1000] -> 3[62000] via P2P/direct pointer
n136-023-012:2693:3162 [6] NCCL INFO Channel 11/0 : 6[da000] -> 5[b2000] via P2P/direct pointer
n136-023-012:2693:3160 [4] NCCL INFO Channel 11/0 : 4[b1000] -> 3[62000] via P2P/direct pointer
n136-023-012:2693:3163 [7] NCCL INFO Channel 02/0 : 7[dc000] -> 6[da000] via P2P/direct pointer
n136-023-012:2693:3158 [2] NCCL INFO Channel 05/0 : 2[60000] -> 1[1c000] via P2P/direct pointer
n136-023-012:2693:3161 [5] NCCL INFO Channel 05/0 : 5[b2000] -> 4[b1000] via P2P/direct pointer
n136-023-012:2693:3163 [7] NCCL INFO Channel 05/0 : 7[dc000] -> 6[da000] via P2P/direct pointer
n136-023-012:2693:3158 [2] NCCL INFO Channel 11/0 : 2[60000] -> 1[1c000] via P2P/direct pointer
n136-023-012:2693:3161 [5] NCCL INFO Channel 11/0 : 5[b2000] -> 4[b1000] via P2P/direct pointer
n136-023-012:2693:3163 [7] NCCL INFO Channel 08/0 : 7[dc000] -> 6[da000] via P2P/direct pointer
n136-023-012:2693:3156 [0] NCCL INFO Channel 05/0 : 0[1b000] -> 7[dc000] via P2P/direct pointer
n136-023-012:2693:3163 [7] NCCL INFO Channel 11/0 : 7[dc000] -> 6[da000] via P2P/direct pointer
n136-023-012:2693:3161 [5] NCCL INFO Connected all rings
n136-023-012:2693:3156 [0] NCCL INFO Channel 11/0 : 0[1b000] -> 7[dc000] via P2P/direct pointer
n136-023-012:2693:3159 [3] NCCL INFO Connected all rings
n136-023-012:2693:3158 [2] NCCL INFO Connected all rings
n136-023-012:2693:3160 [4] NCCL INFO Connected all rings
n136-023-012:2693:3162 [6] NCCL INFO Connected all rings
n136-023-012:2693:3157 [1] NCCL INFO Connected all rings
n136-023-012:2693:3161 [5] NCCL INFO Channel 04/0 : 5[b2000] -> 6[da000] via P2P/direct pointer
n136-023-012:2693:3157 [1] NCCL INFO Channel 04/0 : 1[1c000] -> 2[60000] via P2P/direct pointer
n136-023-012:2693:3159 [3] NCCL INFO Channel 02/0 : 3[62000] -> 4[b1000] via P2P/direct pointer
n136-023-012:2693:3158 [2] NCCL INFO Channel 04/0 : 2[60000] -> 3[62000] via P2P/direct pointer
n136-023-012:2693:3161 [5] NCCL INFO Channel 10/0 : 5[b2000] -> 6[da000] via P2P/direct pointer
n136-023-012:2693:3159 [3] NCCL INFO Channel 03/0 : 3[62000] -> 4[b1000] via P2P/direct pointer
n136-023-012:2693:3158 [2] NCCL INFO Channel 10/0 : 2[60000] -> 3[62000] via P2P/direct pointer
n136-023-012:2693:3157 [1] NCCL INFO Channel 10/0 : 1[1c000] -> 2[60000] via P2P/direct pointer
n136-023-012:2693:3163 [7] NCCL INFO Connected all rings
n136-023-012:2693:3159 [3] NCCL INFO Channel 08/0 : 3[62000] -> 4[b1000] via P2P/direct pointer
n136-023-012:2693:3162 [6] NCCL INFO Channel 02/0 : 6[da000] -> 7[dc000] via P2P/direct pointer
n136-023-012:2693:3160 [4] NCCL INFO Channel 04/0 : 4[b1000] -> 5[b2000] via P2P/direct pointer
n136-023-012:2693:3156 [0] NCCL INFO Connected all rings
n136-023-012:2693:3159 [3] NCCL INFO Channel 09/0 : 3[62000] -> 4[b1000] via P2P/direct pointer
n136-023-012:2693:3162 [6] NCCL INFO Channel 03/0 : 6[da000] -> 7[dc000] via P2P/direct pointer
n136-023-012:2693:3157 [1] NCCL INFO Channel 02/0 : 1[1c000] -> 3[62000] via P2P/direct pointer
n136-023-012:2693:3160 [4] NCCL INFO Channel 10/0 : 4[b1000] -> 5[b2000] via P2P/direct pointer
n136-023-012:2693:3162 [6] NCCL INFO Channel 08/0 : 6[da000] -> 7[dc000] via P2P/direct pointer
n136-023-012:2693:3157 [1] NCCL INFO Channel 05/0 : 1[1c000] -> 3[62000] via P2P/direct pointer
n136-023-012:2693:3162 [6] NCCL INFO Channel 09/0 : 6[da000] -> 7[dc000] via P2P/direct pointer
n136-023-012:2693:3158 [2] NCCL INFO Channel 01/0 : 2[60000] -> 5[b2000] via P2P/direct pointer
n136-023-012:2693:3157 [1] NCCL INFO Channel 08/0 : 1[1c000] -> 3[62000] via P2P/direct pointer
n136-023-012:2693:3163 [7] NCCL INFO Channel 05/0 : 7[dc000] -> 0[1b000] via P2P/direct pointer
n136-023-012:2693:3158 [2] NCCL INFO Channel 05/0 : 2[60000] -> 5[b2000] via P2P/direct pointer
n136-023-012:2693:3157 [1] NCCL INFO Channel 11/0 : 1[1c000] -> 3[62000] via P2P/direct pointer
n136-023-012:2693:3163 [7] NCCL INFO Channel 11/0 : 7[dc000] -> 0[1b000] via P2P/direct pointer
n136-023-012:2693:3160 [4] NCCL INFO Channel 02/0 : 4[b1000] -> 6[da000] via P2P/direct pointer
n136-023-012:2693:3158 [2] NCCL INFO Channel 07/0 : 2[60000] -> 5[b2000] via P2P/direct pointer
n136-023-012:2693:3160 [4] NCCL INFO Channel 05/0 : 4[b1000] -> 6[da000] via P2P/direct pointer
n136-023-012:2693:3158 [2] NCCL INFO Channel 11/0 : 2[60000] -> 5[b2000] via P2P/direct pointer
n136-023-012:2693:3156 [0] NCCL INFO Channel 05/0 : 0[1b000] -> 3[62000] via P2P/direct pointer
n136-023-012:2693:3160 [4] NCCL INFO Channel 08/0 : 4[b1000] -> 6[da000] via P2P/direct pointer
n136-023-012:2693:3161 [5] NCCL INFO Channel 01/0 : 5[b2000] -> 7[dc000] via P2P/direct pointer
n136-023-012:2693:3156 [0] NCCL INFO Channel 11/0 : 0[1b000] -> 3[62000] via P2P/direct pointer
n136-023-012:2693:3160 [4] NCCL INFO Channel 11/0 : 4[b1000] -> 6[da000] via P2P/direct pointer
n136-023-012:2693:3161 [5] NCCL INFO Channel 05/0 : 5[b2000] -> 7[dc000] via P2P/direct pointer
n136-023-012:2693:3161 [5] NCCL INFO Channel 07/0 : 5[b2000] -> 7[dc000] via P2P/direct pointer
n136-023-012:2693:3161 [5] NCCL INFO Channel 11/0 : 5[b2000] -> 7[dc000] via P2P/direct pointer
n136-023-012:2693:3162 [6] NCCL INFO Channel 04/0 : 6[da000] -> 1[1c000] via P2P/direct pointer
n136-023-012:2693:3159 [3] NCCL INFO Channel 04/0 : 3[62000] -> 0[1b000] via P2P/direct pointer
n136-023-012:2693:3162 [6] NCCL INFO Channel 05/0 : 6[da000] -> 1[1c000] via P2P/direct pointer
n136-023-012:2693:3159 [3] NCCL INFO Channel 05/0 : 3[62000] -> 0[1b000] via P2P/direct pointer
n136-023-012:2693:3162 [6] NCCL INFO Channel 10/0 : 6[da000] -> 1[1c000] via P2P/direct pointer
n136-023-012:2693:3159 [3] NCCL INFO Channel 10/0 : 3[62000] -> 0[1b000] via P2P/direct pointer
n136-023-012:2693:3163 [7] NCCL INFO Channel 04/0 : 7[dc000] -> 4[b1000] via P2P/direct pointer
n136-023-012:2693:3162 [6] NCCL INFO Channel 11/0 : 6[da000] -> 1[1c000] via P2P/direct pointer
n136-023-012:2693:3159 [3] NCCL INFO Channel 11/0 : 3[62000] -> 0[1b000] via P2P/direct pointer
n136-023-012:2693:3163 [7] NCCL INFO Channel 10/0 : 7[dc000] -> 4[b1000] via P2P/direct pointer
n136-023-012:2693:3163 [7] NCCL INFO Channel 02/0 : 7[dc000] -> 5[b2000] via P2P/direct pointer
n136-023-012:2693:3157 [1] NCCL INFO Channel 05/0 : 1[1c000] -> 6[da000] via P2P/direct pointer
n136-023-012:2693:3159 [3] NCCL INFO Channel 01/0 : 3[62000] -> 1[1c000] via P2P/direct pointer
n136-023-012:2693:3163 [7] NCCL INFO Channel 03/0 : 7[dc000] -> 5[b2000] via P2P/direct pointer
n136-023-012:2693:3159 [3] NCCL INFO Channel 03/0 : 3[62000] -> 1[1c000] via P2P/direct pointer
n136-023-012:2693:3157 [1] NCCL INFO Channel 11/0 : 1[1c000] -> 6[da000] via P2P/direct pointer
n136-023-012:2693:3163 [7] NCCL INFO Channel 05/0 : 7[dc000] -> 5[b2000] via P2P/direct pointer
n136-023-012:2693:3159 [3] NCCL INFO Channel 05/0 : 3[62000] -> 1[1c000] via P2P/direct pointer
n136-023-012:2693:3163 [7] NCCL INFO Channel 08/0 : 7[dc000] -> 5[b2000] via P2P/direct pointer
n136-023-012:2693:3162 [6] NCCL INFO Channel 01/0 : 6[da000] -> 4[b1000] via P2P/direct pointer
n136-023-012:2693:3159 [3] NCCL INFO Channel 07/0 : 3[62000] -> 1[1c000] via P2P/direct pointer
n136-023-012:2693:3163 [7] NCCL INFO Channel 09/0 : 7[dc000] -> 5[b2000] via P2P/direct pointer
n136-023-012:2693:3161 [5] NCCL INFO Channel 02/0 : 5[b2000] -> 2[60000] via P2P/direct pointer
n136-023-012:2693:3159 [3] NCCL INFO Channel 09/0 : 3[62000] -> 1[1c000] via P2P/direct pointer
n136-023-012:2693:3162 [6] NCCL INFO Channel 03/0 : 6[da000] -> 4[b1000] via P2P/direct pointer
n136-023-012:2693:3163 [7] NCCL INFO Channel 11/0 : 7[dc000] -> 5[b2000] via P2P/direct pointer
n136-023-012:2693:3161 [5] NCCL INFO Channel 03/0 : 5[b2000] -> 2[60000] via P2P/direct pointer
n136-023-012:2693:3159 [3] NCCL INFO Channel 11/0 : 3[62000] -> 1[1c000] via P2P/direct pointer
n136-023-012:2693:3162 [6] NCCL INFO Channel 05/0 : 6[da000] -> 4[b1000] via P2P/direct pointer
n136-023-012:2693:3161 [5] NCCL INFO Channel 05/0 : 5[b2000] -> 2[60000] via P2P/direct pointer
n136-023-012:2693:3162 [6] NCCL INFO Channel 07/0 : 6[da000] -> 4[b1000] via P2P/direct pointer
n136-023-012:2693:3161 [5] NCCL INFO Channel 08/0 : 5[b2000] -> 2[60000] via P2P/direct pointer
n136-023-012:2693:3162 [6] NCCL INFO Channel 09/0 : 6[da000] -> 4[b1000] via P2P/direct pointer
n136-023-012:2693:3161 [5] NCCL INFO Channel 09/0 : 5[b2000] -> 2[60000] via P2P/direct pointer
n136-023-012:2693:3162 [6] NCCL INFO Channel 11/0 : 6[da000] -> 4[b1000] via P2P/direct pointer
n136-023-012:2693:3161 [5] NCCL INFO Channel 11/0 : 5[b2000] -> 2[60000] via P2P/direct pointer
n136-023-012:2693:3158 [2] NCCL INFO Channel 02/0 : 2[60000] -> 0[1b000] via P2P/direct pointer
n136-023-012:2693:3158 [2] NCCL INFO Channel 03/0 : 2[60000] -> 0[1b000] via P2P/direct pointer
n136-023-012:2693:3158 [2] NCCL INFO Channel 08/0 : 2[60000] -> 0[1b000] via P2P/direct pointer
n136-023-012:2693:3158 [2] NCCL INFO Channel 09/0 : 2[60000] -> 0[1b000] via P2P/direct pointer
n136-023-012:2693:3160 [4] NCCL INFO Channel 00/0 : 4[b1000] -> 3[62000] via P2P/direct pointer
n136-023-012:2693:3157 [1] NCCL INFO Channel 00/0 : 1[1c000] -> 0[1b000] via P2P/direct pointer
n136-023-012:2693:3160 [4] NCCL INFO Channel 01/0 : 4[b1000] -> 3[62000] via P2P/direct pointer
n136-023-012:2693:3157 [1] NCCL INFO Channel 01/0 : 1[1c000] -> 0[1b000] via P2P/direct pointer
n136-023-012:2693:3162 [6] NCCL INFO Channel 00/0 : 6[da000] -> 5[b2000] via P2P/direct pointer
n136-023-012:2693:3160 [4] NCCL INFO Channel 03/0 : 4[b1000] -> 3[62000] via P2P/direct pointer
n136-023-012:2693:3157 [1] NCCL INFO Channel 06/0 : 1[1c000] -> 0[1b000] via P2P/direct pointer
n136-023-012:2693:3159 [3] NCCL INFO Channel 00/0 : 3[62000] -> 2[60000] via P2P/direct pointer
n136-023-012:2693:3162 [6] NCCL INFO Channel 04/0 : 6[da000] -> 5[b2000] via P2P/direct pointer
n136-023-012:2693:3160 [4] NCCL INFO Channel 06/0 : 4[b1000] -> 3[62000] via P2P/direct pointer
n136-023-012:2693:3157 [1] NCCL INFO Channel 07/0 : 1[1c000] -> 0[1b000] via P2P/direct pointer
n136-023-012:2693:3159 [3] NCCL INFO Channel 04/0 : 3[62000] -> 2[60000] via P2P/direct pointer
n136-023-012:2693:3162 [6] NCCL INFO Channel 06/0 : 6[da000] -> 5[b2000] via P2P/direct pointer
n136-023-012:2693:3160 [4] NCCL INFO Channel 07/0 : 4[b1000] -> 3[62000] via P2P/direct pointer
n136-023-012:2693:3159 [3] NCCL INFO Channel 06/0 : 3[62000] -> 2[60000] via P2P/direct pointer
n136-023-012:2693:3162 [6] NCCL INFO Channel 10/0 : 6[da000] -> 5[b2000] via P2P/direct pointer
n136-023-012:2693:3160 [4] NCCL INFO Channel 09/0 : 4[b1000] -> 3[62000] via P2P/direct pointer
n136-023-012:2693:3159 [3] NCCL INFO Channel 10/0 : 3[62000] -> 2[60000] via P2P/direct pointer
n136-023-012:2693:3158 [2] NCCL INFO Channel 00/0 : 2[60000] -> 1[1c000] via P2P/direct pointer
n136-023-012:2693:3163 [7] NCCL INFO Channel 00/0 : 7[dc000] -> 6[da000] via P2P/direct pointer
n136-023-012:2693:3158 [2] NCCL INFO Channel 04/0 : 2[60000] -> 1[1c000] via P2P/direct pointer
n136-023-012:2693:3163 [7] NCCL INFO Channel 01/0 : 7[dc000] -> 6[da000] via P2P/direct pointer
n136-023-012:2693:3158 [2] NCCL INFO Channel 06/0 : 2[60000] -> 1[1c000] via P2P/direct pointer
n136-023-012:2693:3161 [5] NCCL INFO Channel 00/0 : 5[b2000] -> 4[b1000] via P2P/direct pointer
n136-023-012:2693:3163 [7] NCCL INFO Channel 03/0 : 7[dc000] -> 6[da000] via P2P/direct pointer
n136-023-012:2693:3158 [2] NCCL INFO Channel 10/0 : 2[60000] -> 1[1c000] via P2P/direct pointer
n136-023-012:2693:3161 [5] NCCL INFO Channel 04/0 : 5[b2000] -> 4[b1000] via P2P/direct pointer
n136-023-012:2693:3163 [7] NCCL INFO Channel 06/0 : 7[dc000] -> 6[da000] via P2P/direct pointer
n136-023-012:2693:3156 [0] NCCL INFO Connected all trees
n136-023-012:2693:3156 [0] NCCL INFO threadThresholds 8/8/64 | 64/8/64 | 512 | 512
n136-023-012:2693:3161 [5] NCCL INFO Channel 06/0 : 5[b2000] -> 4[b1000] via P2P/direct pointer
n136-023-012:2693:3163 [7] NCCL INFO Channel 07/0 : 7[dc000] -> 6[da000] via P2P/direct pointer
n136-023-012:2693:3161 [5] NCCL INFO Channel 10/0 : 5[b2000] -> 4[b1000] via P2P/direct pointer
n136-023-012:2693:3163 [7] NCCL INFO Channel 09/0 : 7[dc000] -> 6[da000] via P2P/direct pointer
n136-023-012:2693:3159 [3] NCCL INFO Connected all trees
n136-023-012:2693:3157 [1] NCCL INFO Connected all trees
n136-023-012:2693:3159 [3] NCCL INFO threadThresholds 8/8/64 | 64/8/64 | 512 | 512
n136-023-012:2693:3157 [1] NCCL INFO threadThresholds 8/8/64 | 64/8/64 | 512 | 512
n136-023-012:2693:3158 [2] NCCL INFO Connected all trees
n136-023-012:2693:3158 [2] NCCL INFO threadThresholds 8/8/64 | 64/8/64 | 512 | 512
n136-023-012:2693:3159 [3] NCCL INFO 12 coll channels, 16 p2p channels, 2 p2p channels per peer
n136-023-012:2693:3159 [3] NCCL INFO Channel 04/1 : 3[62000] -> 5[b2000] via P2P/indirect/2[60000]
n136-023-012:2693:3156 [0] NCCL INFO 12 coll channels, 16 p2p channels, 2 p2p channels per peer
n136-023-012:2693:3161 [5] NCCL INFO Connected all trees
n136-023-012:2693:3161 [5] NCCL INFO threadThresholds 8/8/64 | 64/8/64 | 512 | 512
n136-023-012:2693:3159 [3] NCCL INFO Channel 05/1 : 3[62000] -> 5[b2000] via P2P/indirect/2[60000]
n136-023-012:2693:3160 [4] NCCL INFO Connected all trees
n136-023-012:2693:3160 [4] NCCL INFO threadThresholds 8/8/64 | 64/8/64 | 512 | 512
n136-023-012:2693:3162 [6] NCCL INFO Connected all trees
n136-023-012:2693:3162 [6] NCCL INFO threadThresholds 8/8/64 | 64/8/64 | 512 | 512
n136-023-012:2693:3158 [2] NCCL INFO 12 coll channels, 16 p2p channels, 2 p2p channels per peer
n136-023-012:2693:3158 [2] NCCL INFO Channel 04/1 : 2[60000] -> 4[b1000] via P2P/indirect/3[62000]
n136-023-012:2693:3163 [7] NCCL INFO Connected all trees
n136-023-012:2693:3163 [7] NCCL INFO threadThresholds 8/8/64 | 64/8/64 | 512 | 512
n136-023-012:2693:3158 [2] NCCL INFO Channel 05/1 : 2[60000] -> 4[b1000] via P2P/indirect/3[62000]
n136-023-012:2693:3157 [1] NCCL INFO 12 coll channels, 16 p2p channels, 2 p2p channels per peer
n136-023-012:2693:3161 [5] NCCL INFO 12 coll channels, 16 p2p channels, 2 p2p channels per peer
n136-023-012:2693:3162 [6] NCCL INFO 12 coll channels, 16 p2p channels, 2 p2p channels per peer
n136-023-012:2693:3162 [6] NCCL INFO Channel 04/1 : 6[da000] -> 0[1b000] via P2P/indirect/1[1c000]
n136-023-012:2693:3163 [7] NCCL INFO 12 coll channels, 16 p2p channels, 2 p2p channels per peer
n136-023-012:2693:3163 [7] NCCL INFO Channel 04/1 : 7[dc000] -> 1[1c000] via P2P/indirect/0[1b000]
n136-023-012:2693:3160 [4] NCCL INFO 12 coll channels, 16 p2p channels, 2 p2p channels per peer
n136-023-012:2693:3159 [3] NCCL INFO Channel 12/1 : 3[62000] -> 6[da000] via P2P/indirect/4[b1000]
n136-023-012:2693:3161 [5] NCCL INFO Channel 12/1 : 5[b2000] -> 0[1b000] via P2P/indirect/2[60000]
n136-023-012:2693:3162 [6] NCCL INFO Channel 05/1 : 6[da000] -> 0[1b000] via P2P/indirect/1[1c000]
n136-023-012:2693:3163 [7] NCCL INFO Channel 05/1 : 7[dc000] -> 1[1c000] via P2P/indirect/0[1b000]
n136-023-012:2693:3161 [5] NCCL INFO Channel 13/1 : 5[b2000] -> 0[1b000] via P2P/indirect/2[60000]
n136-023-012:2693:3159 [3] NCCL INFO Channel 13/1 : 3[62000] -> 6[da000] via P2P/indirect/4[b1000]
n136-023-012:2693:3157 [1] NCCL INFO Channel 12/1 : 1[1c000] -> 4[b1000] via P2P/indirect/3[62000]
n136-023-012:2693:3163 [7] NCCL INFO Channel 12/1 : 7[dc000] -> 2[60000] via P2P/indirect/5[b2000]
n136-023-012:2693:3163 [7] NCCL INFO Channel 13/1 : 7[dc000] -> 2[60000] via P2P/indirect/5[b2000]
n136-023-012:2693:3157 [1] NCCL INFO Channel 13/1 : 1[1c000] -> 4[b1000] via P2P/indirect/3[62000]
n136-023-012:2693:3161 [5] NCCL INFO Channel 02/1 : 5[b2000] -> 1[1c000] via P2P/indirect/2[60000]
n136-023-012:2693:3157 [1] NCCL INFO Channel 02/1 : 1[1c000] -> 5[b2000] via P2P/indirect/2[60000]
n136-023-012:2693:3162 [6] NCCL INFO Channel 02/1 : 6[da000] -> 2[60000] via P2P/indirect/5[b2000]
n136-023-012:2693:3159 [3] NCCL INFO Channel 02/1 : 3[62000] -> 7[dc000] via P2P/indirect/4[b1000]
n136-023-012:2693:3157 [1] NCCL INFO Channel 03/1 : 1[1c000] -> 5[b2000] via P2P/indirect/2[60000]
n136-023-012:2693:3156 [0] NCCL INFO Channel 02/1 : 0[1b000] -> 4[b1000] via P2P/indirect/3[62000]
n136-023-012:2693:3158 [2] NCCL INFO Channel 02/1 : 2[60000] -> 6[da000] via P2P/indirect/1[1c000]
n136-023-012:2693:3161 [5] NCCL INFO Channel 03/1 : 5[b2000] -> 1[1c000] via P2P/indirect/2[60000]
n136-023-012:2693:3162 [6] NCCL INFO Channel 03/1 : 6[da000] -> 2[60000] via P2P/indirect/5[b2000]
n136-023-012:2693:3160 [4] NCCL INFO Channel 02/1 : 4[b1000] -> 0[1b000] via P2P/indirect/7[dc000]
n136-023-012:2693:3159 [3] NCCL INFO Channel 03/1 : 3[62000] -> 7[dc000] via P2P/indirect/4[b1000]
n136-023-012:2693:3156 [0] NCCL INFO Channel 03/1 : 0[1b000] -> 4[b1000] via P2P/indirect/3[62000]
n136-023-012:2693:3158 [2] NCCL INFO Channel 03/1 : 2[60000] -> 6[da000] via P2P/indirect/1[1c000]
n136-023-012:2693:3163 [7] NCCL INFO Channel 02/1 : 7[dc000] -> 3[62000] via P2P/indirect/4[b1000]
n136-023-012:2693:3160 [4] NCCL INFO Channel 03/1 : 4[b1000] -> 0[1b000] via P2P/indirect/7[dc000]
n136-023-012:2693:3163 [7] NCCL INFO Channel 03/1 : 7[dc000] -> 3[62000] via P2P/indirect/4[b1000]
n136-023-012:2693:3162 [6] NCCL INFO Channel 10/1 : 6[da000] -> 3[62000] via P2P/indirect/4[b1000]
n136-023-012:2693:3156 [0] NCCL INFO Channel 10/1 : 0[1b000] -> 5[b2000] via P2P/indirect/2[60000]
n136-023-012:2693:3160 [4] NCCL INFO Channel 10/1 : 4[b1000] -> 1[1c000] via P2P/indirect/3[62000]
n136-023-012:2693:3158 [2] NCCL INFO Channel 10/1 : 2[60000] -> 7[dc000] via P2P/indirect/5[b2000]
n136-023-012:2693:3156 [0] NCCL INFO Channel 11/1 : 0[1b000] -> 5[b2000] via P2P/indirect/2[60000]
n136-023-012:2693:3162 [6] NCCL INFO Channel 11/1 : 6[da000] -> 3[62000] via P2P/indirect/4[b1000]
n136-023-012:2693:3160 [4] NCCL INFO Channel 11/1 : 4[b1000] -> 1[1c000] via P2P/indirect/3[62000]
n136-023-012:2693:3158 [2] NCCL INFO Channel 11/1 : 2[60000] -> 7[dc000] via P2P/indirect/5[b2000]
n136-023-012:2693:3156 [0] NCCL INFO Channel 06/1 : 0[1b000] -> 6[da000] via P2P/indirect/7[dc000]
n136-023-012:2693:3161 [5] NCCL INFO Channel 06/1 : 5[b2000] -> 3[62000] via P2P/indirect/4[b1000]
n136-023-012:2693:3157 [1] NCCL INFO Channel 06/1 : 1[1c000] -> 7[dc000] via P2P/indirect/6[da000]
n136-023-012:2693:3160 [4] NCCL INFO Channel 06/1 : 4[b1000] -> 2[60000] via P2P/indirect/5[b2000]
n136-023-012:2693:3156 [0] NCCL INFO Channel 07/1 : 0[1b000] -> 6[da000] via P2P/indirect/7[dc000]
n136-023-012:2693:3157 [1] NCCL INFO Channel 07/1 : 1[1c000] -> 7[dc000] via P2P/indirect/6[da000]
n136-023-012:2693:3161 [5] NCCL INFO Channel 07/1 : 5[b2000] -> 3[62000] via P2P/indirect/4[b1000]
n136-023-012:2693:3160 [4] NCCL INFO Channel 07/1 : 4[b1000] -> 2[60000] via P2P/indirect/5[b2000]
n136-023-012:2693:3157 [1] NCCL INFO comm 0x7f544c1b6f60 rank 1 nranks 8 cudaDev 1 busId 1c000 commId 0x2b38168d03d8c62f - Init COMPLETE
n136-023-012:2693:3161 [5] NCCL INFO comm 0x7f544c1cb810 rank 5 nranks 8 cudaDev 5 busId b2000 commId 0x2b38168d03d8c62f - Init COMPLETE
n136-023-012:2693:3162 [6] NCCL INFO comm 0x7f544c1d1310 rank 6 nranks 8 cudaDev 6 busId da000 commId 0x2b38168d03d8c62f - Init COMPLETE
n136-023-012:2693:3159 [3] NCCL INFO comm 0x7f544c1c0d50 rank 3 nranks 8 cudaDev 3 busId 62000 commId 0x2b38168d03d8c62f - Init COMPLETE
n136-023-012:2693:3163 [7] NCCL INFO comm 0x7f544c1d6e10 rank 7 nranks 8 cudaDev 7 busId dc000 commId 0x2b38168d03d8c62f - Init COMPLETE
n136-023-012:2693:3158 [2] NCCL INFO comm 0x7f544c1bd140 rank 2 nranks 8 cudaDev 2 busId 60000 commId 0x2b38168d03d8c62f - Init COMPLETE
n136-023-012:2693:3160 [4] NCCL INFO comm 0x7f544c1c5d10 rank 4 nranks 8 cudaDev 4 busId b1000 commId 0x2b38168d03d8c62f - Init COMPLETE
n136-023-012:2693:3156 [0] NCCL INFO comm 0x7f544c1b2040 rank 0 nranks 8 cudaDev 0 busId 1b000 commId 0x2b38168d03d8c62f - Init COMPLETE
Epoch 0/15, Iter-S1 0/3387, lr 0.000033, train loss = 23.840,  depth loss = 6.053, thres2mm_error = 0.989, thres2mm_accu = 0.011, thres4mm_error = 0.979, thres4mm_accu = 0.021, thres8mm_error = 0.957, thres8mm_accu = 0.043,time = 26.841
Epoch 0/15, Iter-S2 0/3387, lr 0.000033, aug loss = 0.321, depth loss = 8.937, thres2mm_error = 0.988, thres2mm_accu = 0.012, thres4mm_error = 0.977, thres4mm_accu = 0.023, thres8mm_error = 0.955, thres8mm_accu = 0.045, time = 27.945
Epoch 0/15, Iter-S1 10/3387, lr 0.000035, train loss = 23.533,  depth loss = 6.082, thres2mm_error = 0.978, thres2mm_accu = 0.022, thres4mm_error = 0.957, thres4mm_accu = 0.043, thres8mm_error = 0.917, thres8mm_accu = 0.083,time = 1.580
Epoch 0/15, Iter-S2 10/3387, lr 0.000035, aug loss = 0.254, depth loss = 7.085, thres2mm_error = 0.979, thres2mm_accu = 0.021, thres4mm_error = 0.958, thres4mm_accu = 0.042, thres8mm_error = 0.918, thres8mm_accu = 0.082, time = 2.539
Epoch 0/15, Iter-S1 20/3387, lr 0.000036, train loss = 22.196,  depth loss = 5.848, thres2mm_error = 0.982, thres2mm_accu = 0.018, thres4mm_error = 0.965, thres4mm_accu = 0.035, thres8mm_error = 0.934, thres8mm_accu = 0.066,time = 1.520
Epoch 0/15, Iter-S2 20/3387, lr 0.000036, aug loss = 0.200, depth loss = 5.580, thres2mm_error = 0.981, thres2mm_accu = 0.019, thres4mm_error = 0.963, thres4mm_accu = 0.037, thres8mm_error = 0.931, thres8mm_accu = 0.069, time = 2.482
Epoch 0/15, Iter-S1 30/3387, lr 0.000037, train loss = 20.758,  depth loss = 5.451, thres2mm_error = 0.985, thres2mm_accu = 0.015, thres4mm_error = 0.969, thres4mm_accu = 0.031, thres8mm_error = 0.940, thres8mm_accu = 0.060,time = 1.590
Epoch 0/15, Iter-S2 30/3387, lr 0.000037, aug loss = 0.219, depth loss = 6.121, thres2mm_error = 0.986, thres2mm_accu = 0.014, thres4mm_error = 0.971, thres4mm_accu = 0.029, thres8mm_error = 0.943, thres8mm_accu = 0.057, time = 2.535
Epoch 0/15, Iter-S1 40/3387, lr 0.000039, train loss = 23.600,  depth loss = 6.327, thres2mm_error = 0.986, thres2mm_accu = 0.014, thres4mm_error = 0.972, thres4mm_accu = 0.028, thres8mm_error = 0.943, thres8mm_accu = 0.057,time = 1.489
Epoch 0/15, Iter-S2 40/3387, lr 0.000039, aug loss = 0.183, depth loss = 5.148, thres2mm_error = 0.988, thres2mm_accu = 0.012, thres4mm_error = 0.976, thres4mm_accu = 0.024, thres8mm_error = 0.951, thres8mm_accu = 0.049, time = 2.403
